\BOOKMARK [0][-]{chapter.1}{\376\377\000C\000A\000D\000R\000E\000\040\000G\000\311\000N\000\311\000R\000A\000L\000E\000\040\000D\000U\000\040\000P\000R\000O\000J\000E\000T}{}% 1
\BOOKMARK [1][-]{section.1.1}{\376\377\000I\000n\000t\000r\000o\000d\000u\000c\000t\000i\000o\000n\000\040\000:\000\040}{chapter.1}% 2
\BOOKMARK [1][-]{section.1.2}{\376\377\000P\000r\000\351\000s\000e\000n\000t\000a\000t\000i\000o\000n\000\040\000d\000u\000\040\000p\000r\000o\000j\000e\000t\000:\000\040}{chapter.1}% 3
\BOOKMARK [1][-]{section.1.3}{\376\377\000E\000t\000u\000d\000e\000\040\000e\000t\000\040\000c\000r\000i\000t\000i\000q\000u\000e\000\040\000d\000e\000\040\000l\000'\000e\000x\000i\000s\000t\000a\000n\000t\000\040\000:\000\040}{chapter.1}% 4
\BOOKMARK [2][-]{subsection.1.3.1}{\376\377\000E\000t\000u\000d\000e\000\040\000d\000e\000\040\000l\000'\000e\000x\000i\000s\000t\000a\000n\000t\000\040\000:}{section.1.3}% 5
\BOOKMARK [2][-]{subsection.1.3.2}{\376\377\000C\000r\000i\000t\000i\000q\000u\000e\000\040\000d\000e\000\040\000l\000'\000e\000x\000i\000s\000t\000a\000n\000t}{section.1.3}% 6
\BOOKMARK [1][-]{section.1.4}{\376\377\000S\000o\000l\000u\000t\000i\000o\000n\000\040\000P\000r\000o\000p\000o\000s\000\351\000e\000\040\000e\000t\000\040\000o\000b\000j\000e\000c\000t\000i\000f\000s\000\040\000v\000i\000s\000\351\000s\000\040\000:\000\040}{chapter.1}% 7
\BOOKMARK [1][-]{section.1.5}{\376\377\000M\000\351\000t\000h\000o\000d\000e\000\040\000a\000d\000o\000p\000t\000\351\000e\000\040\000:\000\040}{chapter.1}% 8
\BOOKMARK [2][-]{subsection.1.5.1}{\376\377\000C\000h\000o\000i\000x\000\040\000d\000e\000\040\000l\000a\000\040\000m\000\351\000t\000h\000o\000d\000e\000\040\000e\000t\000\040\000p\000r\000\351\000s\000e\000n\000t\000a\000t\000i\000o\000n\000\040\000d\000e\000\040\000S\000c\000r\000u\000m\000\040\000:}{section.1.5}% 9
\BOOKMARK [2][-]{subsection.1.5.2}{\376\377\000R\000\364\000l\000e\000\040\000d\000e\000\040\000S\000c\000r\000u\000m\000\040\000:\000\040}{section.1.5}% 10
\BOOKMARK [2][-]{subsection.1.5.3}{\376\377\000F\000o\000n\000c\000t\000i\000o\000n\000n\000e\000m\000e\000n\000t\000\040\000d\000e\000\040\000S\000c\000r\000u\000m\000\040\000:\000\040}{section.1.5}% 11
\BOOKMARK [2][-]{subsection.1.5.4}{\376\377\000C\000o\000n\000c\000l\000u\000s\000i\000o\000n}{section.1.5}% 12
\BOOKMARK [0][-]{chapter.2}{\376\377\000S\000P\000R\000I\000N\000T\000\040\0000\000\040\000:\000\040\000e\000x\000p\000r\000e\000s\000s\000i\000o\000n\000\040\000d\000e\000s\000\040\000b\000e\000s\000o\000i\000n\000s\000\040\000e\000t\000\040\000\351\000t\000u\000d\000e\000\040\000t\000e\000c\000h\000n\000i\000q\000u\000e\000\040}{}% 13
\BOOKMARK [1][-]{section.2.1}{\376\377\000I\000n\000t\000r\000o\000d\000u\000c\000t\000i\000o\000n}{chapter.2}% 14
\BOOKMARK [1][-]{section.2.2}{\376\377\000I\000d\000e\000n\000t\000i\000f\000i\000c\000a\000t\000i\000o\000n\000\040\000d\000e\000s\000\040\000B\000e\000s\000o\000i\000n\000s}{chapter.2}% 15
\BOOKMARK [2][-]{subsection.2.2.1}{\376\377\000I\000d\000e\000n\000t\000i\000f\000i\000c\000a\000t\000i\000o\000n\000\040\000d\000e\000s\000\040\000A\000c\000t\000e\000u\000r\000s}{section.2.2}% 16
\BOOKMARK [2][-]{subsection.2.2.2}{\376\377\000B\000e\000s\000o\000i\000n\000s\000\040\000F\000o\000n\000c\000t\000i\000o\000n\000n\000e\000l\000s}{section.2.2}% 17
\BOOKMARK [2][-]{subsection.2.2.3}{\376\377\000B\000e\000s\000o\000i\000n\000s\000\040\000n\000o\000n\000\040\000f\000o\000n\000c\000t\000i\000o\000n\000n\000e\000l\000s\000\040\000:}{section.2.2}% 18
\BOOKMARK [2][-]{subsection.2.2.4}{\376\377\000B\000e\000s\000o\000i\000n\000s\000\040\000d\000\351\000c\000i\000s\000i\000o\000n\000n\000e\000l\000s}{section.2.2}% 19
\BOOKMARK [2][-]{subsection.2.2.5}{\376\377\000D\000i\000a\000g\000r\000a\000m\000m\000e\000\040\000d\000e\000\040\000C\000a\000s\000\040\000d\000'\000u\000t\000i\000l\000i\000s\000a\000t\000i\000o\000n\000\040\000G\000l\000o\000b\000a\000l\000e}{section.2.2}% 20
\BOOKMARK [1][-]{section.2.3}{\376\377\000P\000i\000l\000o\000t\000a\000g\000e\000\040\000d\000u\000\040\000p\000r\000o\000j\000e\000t\000\040\000a\000v\000e\000c\000\040\000S\000C\000R\000U\000M}{chapter.2}% 21
\BOOKMARK [2][-]{subsection.2.3.1}{\376\377\000E\000q\000u\000i\000p\000e\000s\000\040\000e\000t\000\040\000R\000\364\000l\000e\000s\000\040}{section.2.3}% 22
\BOOKMARK [2][-]{subsection.2.3.2}{\376\377\000P\000r\000o\000d\000u\000c\000t\000\040\000B\000a\000c\000k\000l\000o\000g}{section.2.3}% 23
\BOOKMARK [2][-]{subsection.2.3.3}{\376\377\000P\000l\000a\000n\000i\000f\000i\000c\000a\000t\000i\000o\000n\000\040\000d\000e\000s\000\040\000S\000p\000r\000i\000n\000t\000s}{section.2.3}% 24
\BOOKMARK [1][-]{section.2.4}{\376\377\000E\000n\000v\000i\000r\000o\000n\000n\000e\000m\000e\000n\000t\000\040\000d\000e\000\040\000d\000\351\000v\000e\000l\000o\000p\000p\000e\000m\000e\000n\000t\000\040\000e\000t\000\040\000c\000h\000o\000i\000x\000\040\000t\000e\000c\000h\000n\000i\000q\000u\000e\000s}{chapter.2}% 25
\BOOKMARK [2][-]{subsection.2.4.1}{\376\377\000E\000n\000v\000i\000r\000o\000n\000n\000e\000m\000e\000n\000t\000\040\000m\000a\000t\000\351\000r\000i\000e\000l}{section.2.4}% 26
\BOOKMARK [1][-]{section.2.5}{\376\377\000O\000r\000g\000a\000n\000i\000s\000a\000t\000i\000o\000n\000\040\000a\000r\000c\000h\000i\000t\000e\000c\000t\000u\000r\000a\000l\000e\000\040\000d\000e\000\040\000l\040\031\000a\000p\000p\000l\000i\000c\000a\000t\000i\000o\000n}{chapter.2}% 27
\BOOKMARK [2][-]{subsection.2.5.1}{\376\377\000A\000d\000o\000p\000t\000i\000o\000n\000\040\000d\000u\000\040\000p\000a\000t\000t\000e\000r\000n\000\040\000M\000V\000C}{section.2.5}% 28
\BOOKMARK [2][-]{subsection.2.5.2}{\376\377\000S\000t\000r\000u\000c\000t\000u\000r\000e\000\040\000M\000V\000C\000\040\000e\000t\000\040\000i\000l\000l\000u\000s\000t\000r\000a\000t\000i\000o\000n}{section.2.5}% 29
\BOOKMARK [2][-]{subsection.2.5.3}{\376\377\000C\000a\000r\000t\000o\000g\000r\000a\000p\000h\000i\000e\000\040\000d\000e\000\040\000d\000\351\000p\000l\000o\000i\000e\000m\000e\000n\000t\000\040\000d\000e\000\040\000l\040\031\000i\000n\000f\000r\000a\000s\000t\000r\000u\000c\000t\000u\000r\000e}{section.2.5}% 30
\BOOKMARK [1][-]{section.2.6}{\376\377\000C\000o\000n\000c\000l\000u\000s\000i\000o\000n}{chapter.2}% 31
\BOOKMARK [0][-]{chapter.3}{\376\377\000S\000p\000r\000i\000n\000t\000\040\0001\000:\000\040\000S\000C\000R\000A\000P\000P\000I\000N\000G\000\040\000D\000E\000S\000\040\000D\000O\000N\000N\000E\000E\000S}{}% 32
\BOOKMARK [1][-]{Item.27}{\376\377\000I\000n\000t\000r\000o\000d\000u\000c\000t\000i\000o\000n\000\040\000G\000\351\000n\000\351\000r\000a\000l\000e}{chapter.3}% 33
\BOOKMARK [1][-]{Item.27}{\376\377\000P\000a\000r\000t\000i\000e\000\040\000A\000\040\000:\000\040\000O\000L\000A\000\040\000E\000n\000e\000r\000g\000y}{chapter.3}% 34
\BOOKMARK [1][-]{section.3.1}{\376\377\000I\000n\000t\000r\000o\000d\000u\000c\000t\000i\000o\000n}{chapter.3}% 35
\BOOKMARK [1][-]{section.3.2}{\376\377\000C\000o\000l\000l\000e\000c\000t\000e\000\040\000d\000e\000s\000\040\000d\000o\000n\000n\000\351\000e\000s\000\040\000d\000e\000\040\000C\000o\000n\000s\000o\000m\000m\000a\000t\000i\000o\000n\000\040\000O\000L\000A\000\040\000E\000n\000e\000r\000g\000y}{chapter.3}% 36
\BOOKMARK [1][-]{section.3.3}{\376\377\000A\000n\000a\000l\000y\000s\000e\000\040\000T\000e\000c\000h\000n\000i\000q\000u\000e\000\040\000e\000t\000\040\000A\000u\000t\000o\000m\000a\000t\000i\000s\000a\000t\000i\000o\000n\000\040\000d\000u\000\040\000P\000i\000p\000e\000l\000i\000n\000e\000\040\000d\000e\000\040\000T\000r\000a\000i\000t\000e\000m\000e\000n\000t\000\040\000d\000e\000s\000\040\000D\000o\000n\000n\000\351\000e\000s}{chapter.3}% 37
\BOOKMARK [1][-]{section.3.4}{\376\377\000I\000n\000s\000e\000r\000t\000i\000o\000n\000\040\000d\000e\000s\000\040\000d\000o\000n\000n\000\351\000e\000s\000\040\000d\000a\000n\000s\000\040\000l\000a\000\040\000B\000a\000s\000e\000\040\000M\000o\000n\000g\000o\000D\000B}{chapter.3}% 38
\BOOKMARK [1][-]{section.3.5}{\376\377\000C\000l\000o\000n\000a\000g\000e\000\040\000s\000t\000r\000u\000c\000t\000u\000r\000\351\000\040\000d\000e\000\040\000l\000a\000\040\000C\000o\000l\000l\000e\000c\000t\000i\000o\000n\000\040\000v\000e\000r\000s\000\040\000M\000o\000d\000\350\000l\000e\000\040\000F\000i\000n\000a\000l}{chapter.3}% 39
\BOOKMARK [1][-]{section.3.6}{\376\377\000R\000\351\000s\000u\000l\000t\000a\000t\000s\000\040\000e\000t\000\040\000o\000b\000s\000e\000r\000v\000a\000t\000i\000o\000n\000s}{chapter.3}% 40
\BOOKMARK [1][-]{figure.caption.27}{\376\377\000P\000a\000r\000t\000i\000e\000\040\000B\000\040\000:\000\040\000T\000\351\000l\000\351\000c\000o\000m\000m\000u\000n\000i\000c\000a\000t\000i\000o\000n}{chapter.3}% 41
\BOOKMARK [1][-]{section.3.1}{\376\377\000I\000n\000t\000r\000o\000d\000u\000c\000t\000i\000o\000n}{chapter.3}% 42
\BOOKMARK [1][-]{section.3.2}{\376\377\000C\000o\000l\000l\000e\000c\000t\000e\000\040\000d\000e\000s\000\040\000d\000o\000n\000n\000\351\000e\000s\000\040\000d\000e\000\040\000C\000o\000n\000s\000o\000m\000m\000a\000t\000i\000o\000n\000\040\000T\000E\000L\000E\000C\000O\000M\000\040\000C\000o\000r\000p\000o\000r\000a\000t\000e}{chapter.3}% 43
\BOOKMARK [1][-]{section.3.3}{\376\377\000C\000o\000l\000l\000e\000c\000t\000e\000\040\000d\000e\000s\000\040\000d\000o\000n\000n\000\351\000e\000s\000\040\000d\000e\000\040\000t\000\351\000l\000\351\000c\000o\000m\000m\000u\000n\000i\000c\000a\000t\000i\000o\000n\000\040}{chapter.3}% 44
\BOOKMARK [1][-]{section.3.4}{\376\377\000A\000n\000a\000l\000y\000s\000e\000\040\000t\000e\000c\000h\000n\000i\000q\000u\000e\000\040\000e\000t\000\040\000a\000u\000t\000o\000m\000a\000t\000i\000s\000a\000t\000i\000o\000n\000\040\000d\000u\000\040\000p\000i\000p\000e\000l\000i\000n\000e\000\040\000d\000e\000\040\000t\000r\000a\000i\000t\000e\000m\000e\000n\000t\000\040\000d\000e\000s\000\040\000D\000o\000n\000n\000\351\000e\000s}{chapter.3}% 45
\BOOKMARK [1][-]{section.3.5}{\376\377\000I\000n\000s\000e\000r\000t\000i\000o\000n\000\040\000d\000e\000s\000\040\000d\000o\000n\000n\000\351\000e\000s\000\040\000d\000a\000n\000s\000\040\000l\000a\000\040\000b\000a\000s\000e\000\040\000M\000o\000n\000g\000o\000D\000B}{chapter.3}% 46
\BOOKMARK [2][-]{subsection.3.5.1}{\376\377\000I\000n\000s\000e\000r\000t\000i\000o\000n\000\040\000d\000e\000s\000\040\000d\000o\000n\000n\000\351\000e\000s\000\040\000d\000a\000n\000s\000\040\000l\000a\000\040\000b\000a\000s\000e\000\040\000M\000o\000n\000g\000o\000D\000B}{section.3.5}% 47
\BOOKMARK [2][-]{subsection.3.5.2}{\376\377\000R\000\351\000s\000u\000l\000t\000a\000t\000s\000\040\000e\000t\000\040\000o\000b\000s\000e\000r\000v\000a\000t\000i\000o\000n\000s}{section.3.5}% 48
\BOOKMARK [1][-]{section.3.6}{\376\377\000C\000o\000n\000c\000l\000u\000s\000i\000o\000n}{chapter.3}% 49
\BOOKMARK [0][-]{chapter.4}{\376\377\000S\000p\000r\000i\000n\000t\000\040\0002\000:\000\040\000E\000t\000u\000d\000e\000\040\000e\000t\000\040\000r\000\351\000a\000l\000i\000s\000a\000t\000i\000o\000n\000\040\000d\000u\000\040\000S\000p\000r\000i\000n\000t\000\040\0002}{}% 50
\BOOKMARK [1][-]{section.4.1}{\376\377\000I\000n\000t\000r\000o\000d\000u\000c\000t\000i\000o\000n}{chapter.4}% 51
\BOOKMARK [1][-]{section.4.2}{\376\377\000S\000p\000r\000i\000n\000t\000\040\000B\000a\000c\000k\000l\000o\000g}{chapter.4}% 52
\BOOKMARK [1][-]{section.4.3}{\376\377\000S\000p\000\351\000c\000i\000f\000i\000c\000a\000t\000i\000o\000n\000\040\000d\000e\000s\000\040\000b\000e\000s\000o\000i\000n\000s\000\040\000d\000u\000\040\000S\000p\000r\000i\000n\000t\000\040\0002}{chapter.4}% 53
\BOOKMARK [2][-]{subsection.4.3.1}{\376\377\000D\000i\000a\000g\000r\000a\000m\000m\000e\000\040\000d\000e\000\040\000C\000a\000s\000\040\000d\000'\000u\000t\000i\000l\000i\000s\000a\000t\000i\000o\000n\000\040\0002}{section.4.3}% 54
\BOOKMARK [2][-]{subsection.4.3.2}{\376\377\000\040\000D\000e\000s\000c\000r\000i\000p\000t\000i\000o\000n\000\040\000t\000e\000x\000t\000u\000e\000l\000l\000e\000\040\000d\000e\000s\000\040\000c\000a\000s\000\040\000d\040\031\000u\000t\000i\000l\000i\000s\000a\000t\000i\000o\000n\000s}{section.4.3}% 55
\BOOKMARK [2][-]{subsection.4.3.3}{\376\377\000M\000a\000q\000u\000e\000t\000t\000e\000s\000\040\000d\000e\000s\000\040\000I\000n\000t\000e\000r\000f\000a\000c\000e\000s}{section.4.3}% 56
\BOOKMARK [1][-]{section.4.4}{\376\377\000C\000o\000n\000c\000e\000p\000t\000i\000o\000n}{chapter.4}% 57
\BOOKMARK [2][-]{subsection.4.4.1}{\376\377\000D\000i\000a\000g\000r\000a\000m\000m\000e\000s\000\040\000d\000e\000\040\000s\000\351\000q\000u\000e\000n\000c\000e\000\040\000d\000u\000\040\000S\000p\000r\000i\000n\000t\000\040\0002}{section.4.4}% 58
\BOOKMARK [2][-]{subsection.4.4.2}{\376\377\000D\000i\000a\000g\000r\000a\000m\000m\000e\000\040\000d\000e\000\040\000c\000l\000a\000s\000s\000e\000\040\000S\000p\000r\000i\000n\000t\000\040\0002}{section.4.4}% 59
\BOOKMARK [2][-]{subsection.4.4.3}{\376\377\000S\000c\000h\000\351\000m\000a\000\040\000d\000e\000\040\000l\000a\000\040\000b\000a\000s\000e\000\040\000d\000e\000\040\000d\000o\000n\000n\000\351\000e\000s}{section.4.4}% 60
\BOOKMARK [1][-]{section.4.5}{\376\377\000R\000\351\000a\000l\000i\000s\000a\000t\000i\000o\000n\000\040\000e\000t\000\040\000t\000e\000s\000t\000s}{chapter.4}% 61
\BOOKMARK [2][-]{subsection.4.5.1}{\376\377\000I\000n\000t\000e\000r\000f\000a\000c\000e\000s\000\040\000o\000b\000t\000e\000n\000u\000e\000s\000\040\000e\000t\000\040\000f\000o\000n\000c\000t\000i\000o\000n\000n\000e\000m\000e\000n\000t\000\040\000d\000e\000\040\000l\040\031\000a\000p\000p\000l\000i\000c\000a\000t\000i\000o\000n}{section.4.5}% 62
\BOOKMARK [2][-]{subsection.4.5.2}{\376\377\000T\000e\000s\000t\000s}{section.4.5}% 63
\BOOKMARK [1][-]{section.4.6}{\376\377\000C\000o\000n\000c\000l\000u\000s\000i\000o\000n}{chapter.4}% 64
\BOOKMARK [0][-]{chapter.5}{\376\377\000S\000p\000r\000i\000n\000t\000\040\0003\000\040\000:\000\040\000\311\000t\000u\000d\000e\000\040\000e\000t\000\040\000R\000\351\000a\000l\000i\000s\000a\000t\000i\000o\000n\000\040\000d\000u\000\040\000S\000p\000r\000i\000n\000t\000\040\0003}{}% 65
\BOOKMARK [1][-]{section.5.1}{\376\377\000I\000n\000t\000r\000o\000d\000u\000c\000t\000i\000o\000n}{chapter.5}% 66
\BOOKMARK [1][-]{section.5.2}{\376\377\000S\000p\000r\000i\000n\000t\000\040\000B\000a\000c\000k\000l\000o\000g}{chapter.5}% 67
\BOOKMARK [1][-]{section.5.3}{\376\377\000S\000p\000\351\000c\000i\000f\000i\000c\000a\000t\000i\000o\000n\000\040\000d\000e\000s\000\040\000b\000e\000s\000o\000i\000n\000s\000\040\000d\000u\000\040\000S\000p\000r\000i\000n\000t\000\040\0003}{chapter.5}% 68
\BOOKMARK [2][-]{subsection.5.3.1}{\376\377\000D\000i\000a\000g\000r\000a\000m\000m\000e\000\040\000d\000e\000\040\000c\000a\000s\000\040\000d\040\031\000u\000t\000i\000l\000i\000s\000a\000t\000i\000o\000n\000\040\000S\000p\000r\000i\000n\000t\000\040\0003}{section.5.3}% 69
\BOOKMARK [2][-]{subsection.5.3.2}{\376\377\000D\000e\000s\000c\000r\000i\000p\000t\000i\000o\000n\000\040\000t\000e\000x\000t\000u\000e\000l\000l\000e\000\040\000d\000e\000s\000\040\000c\000a\000s\000\040\000d\000'\000u\000t\000i\000l\000i\000s\000a\000t\000i\000o\000n}{section.5.3}% 70
\BOOKMARK [2][-]{subsection.5.3.3}{\376\377\000M\000a\000q\000u\000e\000t\000t\000e\000\040\000d\000e\000s\000\040\000I\000n\000t\000e\000r\000f\000a\000c\000e\000s\000\040\000d\000u\000\040\000S\000p\000r\000i\000n\000t\000\040\0003}{section.5.3}% 71
\BOOKMARK [1][-]{section.5.4}{\376\377\000C\000o\000n\000c\000e\000p\000t\000i\000o\000n}{chapter.5}% 72
\BOOKMARK [2][-]{subsection.5.4.1}{\376\377\000D\000i\000a\000g\000r\000a\000m\000m\000e\000\040\000d\000e\000\040\000s\000\351\000q\000u\000e\000n\000c\000e\000\040\000d\000u\000\040\000S\000p\000r\000i\000n\000t\000\040\0003}{section.5.4}% 73
\BOOKMARK [2][-]{subsection.5.4.2}{\376\377\000D\000i\000a\000g\000r\000a\000m\000m\000e\000\040\000d\000e\000\040\000C\000l\000a\000s\000s\000e\000\040\000d\000e\000\040\000S\000p\000r\000i\000n\000t\000\040\0003}{section.5.4}% 74
\BOOKMARK [2][-]{subsection.5.4.3}{\376\377\000S\000c\000h\000\351\000m\000a\000\040\000d\000e\000\040\000l\000a\000\040\000b\000a\000s\000e\000\040\000d\000e\000\040\000d\000o\000n\000n\000\351\000e\000s\000\040\040\024\000\040\000S\000p\000r\000i\000n\000t\000\040\0003}{section.5.4}% 75
\BOOKMARK [1][-]{section.5.5}{\376\377\000R\000\351\000a\000l\000i\000s\000a\000t\000i\000o\000n\000\040\000e\000t\000\040\000t\000e\000s\000t\000s\000\040}{chapter.5}% 76
\BOOKMARK [2][-]{subsection.5.5.1}{\376\377\000I\000n\000t\000e\000r\000f\000a\000c\000e\000\040\000O\000b\000t\000e\000n\000u\000s\000\040\000e\000t\000\040\000F\000o\000n\000c\000t\000i\000o\000n\000n\000e\000m\000e\000n\000t\000\040\000d\000e\000\040\000l\000'\000a\000p\000p\000l\000i\000c\000a\000t\000i\000o\000n}{section.5.5}% 77
\BOOKMARK [1][-]{section.5.6}{\376\377\000U\000t\000i\000l\000i\000s\000a\000t\000i\000o\000n\000\040\000d\000e\000s\000\040\000o\000u\000t\000i\000l\000s\000\040\000d\000e\000\040\000s\000u\000i\000v\000i\000\040\000d\000e\000\040\000S\000c\000r\000u\000m}{chapter.5}% 78
\BOOKMARK [2][-]{subsection.5.6.1}{\376\377\000S\000c\000r\000u\000m\000B\000o\000a\000r\000d\000\040\000:\000\040\000T\000r\000e\000l\000l\000o}{section.5.6}% 79
\BOOKMARK [2][-]{subsection.5.6.2}{\376\377\000B\000u\000r\000n\000d\000o\000w\000n\000\040\000C\000h\000a\000r\000t\000\040\000d\000u\000\040\000S\000p\000r\000i\000n\000t\000\040\0003}{section.5.6}% 80
\BOOKMARK [1][-]{section.5.7}{\376\377\000C\000o\000n\000c\000l\000u\000s\000i\000o\000n}{chapter.5}% 81
\BOOKMARK [0][-]{chapter.6}{\376\377\000S\000p\000r\000i\000n\000t\000\040\0004\000:\000\040\000\311\000t\000u\000d\000e\000\040\000e\000t\000\040\000R\000\351\000a\000l\000i\000s\000a\000t\000i\000o\000n\000\040\000d\000u\000\040\000S\000p\000r\000i\000n\000t\000\040\0004}{}% 82
\BOOKMARK [1][-]{Item.166}{\376\377\000P\000a\000r\000t\000i\000e\000\040\000A\000\040\000:\000\040\000G\000e\000s\000t\000i\000o\000n\000\040\000T\000\351\000l\000\351\000c\000o\000m\000m\000u\000n\000i\000c\000a\000t\000i\000o\000n\000\040\000e\000t\000\040\000T\000u\000n\000i\000s\000i\000e\000\040\000A\000u\000t\000o\000r\000o\000u\000t\000e}{chapter.6}% 83
\BOOKMARK [1][-]{section.6.1}{\376\377\000I\000n\000t\000r\000o\000d\000u\000c\000t\000i\000o\000n}{chapter.6}% 84
\BOOKMARK [1][-]{section.6.2}{\376\377\000S\000p\000r\000i\000n\000t\000\040\000B\000a\000c\000k\000l\000o\000g}{chapter.6}% 85
\BOOKMARK [1][-]{section.6.3}{\376\377\000S\000p\000\351\000c\000i\000f\000i\000c\000a\000t\000i\000o\000n\000\040\000d\000e\000s\000\040\000b\000e\000s\000o\000i\000n\000s\000\040\000d\000e\000\040\000s\000p\000r\000i\000n\000t\000\040\0004\000\040\000-\000\040\000P\000a\000r\000t\000i\000e\000\040\000A}{chapter.6}% 86
\BOOKMARK [2][-]{subsection.6.3.1}{\376\377\000D\000i\000a\000g\000r\000a\000m\000m\000e\000\040\000d\000e\000\040\000C\000a\000s\000\040\000d\000'\000u\000t\000i\000l\000i\000s\000a\000t\000i\000o\000n}{section.6.3}% 87
\BOOKMARK [2][-]{subsection.6.3.2}{\376\377\000D\000e\000s\000c\000r\000i\000p\000t\000i\000o\000n\000\040\000t\000e\000x\000t\000u\000e\000l\000l\000e\000\040\000d\000e\000s\000\040\000C\000a\000s\000\040\000d\000'\000u\000t\000i\000l\000i\000s\000a\000t\000i\000o\000n}{section.6.3}% 88
\BOOKMARK [1][-]{section.6.4}{\376\377\000C\000o\000n\000c\000e\000p\000t\000i\000o\000n}{chapter.6}% 89
\BOOKMARK [2][-]{subsection.6.4.1}{\376\377\000D\000i\000a\000g\000r\000a\000m\000m\000e\000\040\000d\000e\000\040\000s\000\351\000q\000u\000e\000n\000c\000e\000\040\000d\000e\000\040\000S\000p\000r\000i\000n\000t\000\040\0004\000\040\000-\000\040\000P\000a\000r\000t\000i\000e\000\040\000A}{section.6.4}% 90
\BOOKMARK [2][-]{subsection.6.4.2}{\376\377\000D\000i\000a\000g\000r\000a\000m\000m\000e\000\040\000d\000e\000\040\000c\000l\000a\000s\000s\000e\000\040\000-\000\040\000P\000a\000r\000t\000i\000e\000\040\000A}{section.6.4}% 91
\BOOKMARK [2][-]{subsection.6.4.3}{\376\377\000S\000c\000h\000\351\000m\000a\000\040\000d\000e\000\040\000l\000a\000\040\000B\000a\000s\000e\000\040\000d\000e\000\040\000d\000o\000n\000n\000\351\000e\000s}{section.6.4}% 92
\BOOKMARK [2][-]{subsection.6.4.4}{\376\377\000C\000o\000n\000s\000o\000m\000m\000a\000t\000i\000o\000n\000\040\000C\000o\000r\000p\000o\000r\000a\000t\000e}{section.6.4}% 93
\BOOKMARK [1][-]{lstnumber.6.8.21}{\376\377\000P\000a\000r\000t\000i\000e\000\040\000B\000\040\000:\000\040\000G\000e\000s\000t\000i\000o\000n\000\040\000P\000r\000i\000n\000t\000e\000r\000\040\000P\000a\000r\000c}{chapter.6}% 94
\BOOKMARK [1][-]{section.6.1}{\376\377\000I\000n\000t\000r\000o\000d\000u\000c\000t\000i\000o\000n}{chapter.6}% 95
\BOOKMARK [1][-]{section.6.2}{\376\377\000S\000p\000r\000i\000n\000t\000\040\000B\000a\000c\000k\000l\000o\000g}{chapter.6}% 96
\BOOKMARK [1][-]{section.6.3}{\376\377\000S\000p\000\351\000c\000i\000f\000i\000c\000a\000t\000i\000o\000n\000\040\000d\000e\000s\000\040\000b\000e\000s\000o\000i\000n\000s}{chapter.6}% 97
\BOOKMARK [2][-]{subsection.6.3.1}{\376\377\000D\000i\000a\000g\000r\000a\000m\000m\000e\000\040\000d\000e\000\040\000c\000a\000s\000\040\000d\040\031\000u\000t\000i\000l\000i\000s\000a\000t\000i\000o\000n\000\040}{section.6.3}% 98
\BOOKMARK [2][-]{subsection.6.3.2}{\376\377\000D\000e\000s\000c\000r\000i\000p\000t\000i\000o\000n\000\040\000t\000e\000x\000t\000u\000e\000l\000l\000e\000\040\000d\000e\000s\000\040\000c\000a\000s\000\040\000d\040\031\000u\000t\000i\000l\000i\000s\000a\000t\000i\000o\000n\000s\000\040}{section.6.3}% 99
\BOOKMARK [1][-]{section.6.4}{\376\377\000C\000o\000n\000c\000e\000p\000t\000i\000o\000n}{chapter.6}% 100
\BOOKMARK [2][-]{subsection.6.4.1}{\376\377\000D\000i\000a\000g\000r\000a\000m\000m\000e\000s\000\040\000d\000e\000\040\000s\000\351\000q\000u\000e\000n\000c\000e\000\040\000d\000u\000\040\000S\000p\000r\000i\000n\000t\000\040\0004\000\040\000-\000\040\000P\000a\000r\000t\000i\000e\000\040\000B}{section.6.4}% 101
\BOOKMARK [2][-]{subsection.6.4.2}{\376\377\000S\000c\000h\000\351\000m\000a\000\040\000d\000e\000\040\000l\000a\000\040\000b\000a\000s\000e\000\040\000d\000e\000\040\000d\000o\000n\000n\000\351\000e\000s\000\040\040\024\000\040\000P\000a\000r\000c\000\040\000d\040\031\000i\000m\000p\000r\000e\000s\000s\000i\000o\000n}{section.6.4}% 102
\BOOKMARK [1][-]{section.6.5}{\376\377\000R\000\351\000a\000l\000i\000s\000a\000t\000i\000o\000n\000\040\000e\000t\000\040\000T\000e\000s\000t\000\040\000d\000e\000\040\000S\000p\000r\000i\000n\000t\000\040\0004\000\040\000-\000\040\000P\000a\000r\000t\000i\000e\000\040\000B}{chapter.6}% 103
\BOOKMARK [2][-]{subsection.6.5.1}{\376\377\000I\000n\000t\000e\000r\000f\000a\000c\000e\000s\000\040\000o\000b\000t\000e\000n\000u\000s\000\040\000e\000t\000\040\000f\000o\000n\000c\000t\000i\000o\000n\000n\000e\000m\000e\000n\000t\000\040\000d\000e\000\040\000l\000'\000a\000p\000p\000l\000i\000c\000a\000t\000i\000o\000n}{section.6.5}% 104
\BOOKMARK [2][-]{subsection.6.5.2}{\376\377\000T\000e\000s\000t\000s\000\040\000d\000e\000\040\000S\000p\000r\000i\000n\000t\000\040\0004\000\040\000:\000\040\000G\000e\000s\000t\000i\000o\000n\000\040\000d\000u\000\040\000p\000a\000r\000c\000\040\000d\040\031\000i\000m\000p\000r\000i\000m\000a\000n\000t\000e\000s}{section.6.5}% 105
\BOOKMARK [1][-]{section.6.6}{\376\377\000U\000t\000i\000l\000i\000s\000a\000t\000i\000o\000n\000\040\000d\000e\000s\000\040\000O\000u\000t\000i\000l\000s\000\040\000d\000e\000\040\000s\000u\000i\000v\000i\000\040\000d\000e\000\040\000S\000c\000r\000u\000m}{chapter.6}% 106
\BOOKMARK [2][-]{subsection.6.6.1}{\376\377\000S\000c\000r\000u\000m\000\040\000B\000o\000a\000r\000d}{section.6.6}% 107
\BOOKMARK [2][-]{subsection.6.6.2}{\376\377\000B\000u\000r\000n\000d\000o\000w\000n\000\040\000C\000h\000a\000r\000t\000\040\000d\000u\000\040\000S\000p\000r\000i\000n\000t\000\040\0004}{section.6.6}% 108
\BOOKMARK [1][-]{section.6.7}{\376\377\000C\000o\000n\000c\000l\000u\000s\000i\000o\000n}{chapter.6}% 109
\BOOKMARK [0][-]{chapter.7}{\376\377\000S\000p\000r\000i\000n\000t\000\040\0005\000\040\000:\000\040\000B\000u\000s\000i\000n\000e\000s\000s\000\040\000I\000n\000t\000e\000l\000l\000i\000g\000e\000n\000c\000e\000\040\000B\000I}{}% 110
\BOOKMARK [1][-]{section.7.1}{\376\377\000\040\000I\000n\000t\000r\000o\000d\000u\000c\000t\000i\000o\000n}{chapter.7}% 111
\BOOKMARK [1][-]{section.7.2}{\376\377\000C\000o\000n\000c\000l\000u\000s\000i\000o\000n\000\040\000d\000u\000\040\000c\000h\000o\000i\000x\000\040\000m\000\351\000t\000h\000o\000d\000o\000l\000o\000g\000i\000q\000u\000e}{chapter.7}% 112
\BOOKMARK [1][-]{section.7.2}{\376\377\000C\000o\000n\000c\000l\000u\000s\000i\000o\000n\000\040\000d\000u\000\040\000c\000h\000o\000i\000x\000\040\000m\000\351\000t\000h\000o\000d\000o\000l\000o\000g\000i\000q\000u\000e}{chapter.7}% 113
\BOOKMARK [1][-]{section.7.3}{\376\377\000A\000n\000a\000l\000y\000s\000e\000\040\000g\000l\000o\000b\000a\000l\000e\000\040\000e\000t\000\040\000s\000\351\000l\000e\000c\000t\000i\000o\000n\000\040\000d\000e\000s\000\040\000i\000n\000d\000i\000c\000a\000t\000e\000u\000r\000s}{chapter.7}% 114
\BOOKMARK [2][-]{section*.160}{\376\377\000I\000n\000t\000r\000o\000d\000u\000c\000t\000i\000o\000n\000\040\000\340\000\040\000l\000a\000\040\000m\000\351\000t\000h\000o\000d\000o\000l\000o\000g\000i\000e\000\040\000G\000I\000M\000S\000I}{section.7.3}% 115
\BOOKMARK [2][-]{subsection.7.3.1}{\376\377\000V\000u\000e\000\040\000d\040\031\000e\000n\000s\000e\000m\000b\000l\000e\000\040\000d\000u\000\040\000d\000a\000s\000h\000b\000o\000a\000r\000d\000\040\000O\000L\000A\000\040\000E\000n\000e\000r\000g\000y}{section.7.3}% 116
\BOOKMARK [1][-]{section.7.4}{\376\377\000D\000\351\000f\000i\000n\000i\000t\000i\000o\000n\000\040\000d\000e\000\040\000l\040\031\000o\000b\000j\000e\000c\000t\000i\000f\000\040\000s\000t\000r\000a\000t\000\351\000g\000i\000q\000u\000e}{chapter.7}% 117
\BOOKMARK [1][-]{section.7.4}{\376\377\000D\000\351\000f\000i\000n\000i\000t\000i\000o\000n\000\040\000d\000e\000\040\000l\040\031\000o\000b\000j\000e\000c\000t\000i\000f\000\040\000s\000t\000r\000a\000t\000\351\000g\000i\000q\000u\000e}{chapter.7}% 118
\BOOKMARK [2][-]{subsection.7.4.1}{\376\377\000A\000n\000a\000l\000y\000s\000e\000\040\000d\000e\000\040\000l\040\031\000o\000b\000j\000e\000c\000t\000i\000f\000\040\000s\000e\000l\000o\000n\000\040\000l\000a\000\040\000m\000\351\000t\000h\000o\000d\000e\000\040\000S\000M\000A\000R\000T}{section.7.4}% 119
\BOOKMARK [1][-]{section.7.5}{\376\377\000C\000o\000n\000c\000l\000u\000s\000i\000o\000n}{chapter.7}% 120
\BOOKMARK [0][-]{chapter*.168}{\376\377\000R\000\351\000s\000u\000m\000\351}{}% 121
\BOOKMARK [0][-]{chapter*.169}{\376\377\000W\000e\000b\000o\000g\000r\000a\000p\000h\000i\000e}{}% 122
